
> preview
> node scripts/with-app-env.mjs vite preview


 ╭────────── [Build Info] ─────────────╮
 │                                     │
 │  - Build Directory: .vercel/output  │
 │  - Date: 9/8/2026, 4:20:44 AM       │
 │  - Nitro Version: 3.0.260610-beta   │
 │  - Nitro Preset: vercel             │
 │                                     │
 ╰─────────────────────────────────────╯

  ➜  Local:   http://127.0.0.1:8081/
AbortError: This operation was aborted
    at new DOMException (node:internal/per_context/domexception:76:18)
    ... 8 lines matching cause stack trace ...
    at TCP.<anonymous> (node:net:347:12) {
  cause: DOMException [AbortError]: This operation was aborted
      at new DOMException (node:internal/per_context/domexception:76:18)
      at AbortController.abort (node:internal/abort_controller:504:18)
      at abort (file:///workspace/node_modules/srvx/dist/adapters/node.mjs:316:51)
      at ServerResponse.<anonymous> (file:///workspace/node_modules/srvx/dist/adapters/node.mjs:320:35)
      at Object.onceWrapper (node:events:633:28)
      at ServerResponse.emit (node:events:519:28)
      at emitCloseNT (node:_http_server:1066:10)
      at Socket.onServerResponseClose (node:_http_server:285:5)
      at Socket.emit (node:events:531:35)
      at TCP.<anonymous> (node:net:347:12),
  status: 500,
  statusText: undefined,
  headers: undefined,
  data: undefined,
  body: undefined,
  unhandled: true
}

> preview
> node scripts/with-app-env.mjs vite preview


 ╭────────── [Build Info] ─────────────╮
 │                                     │
 │  - Build Directory: .vercel/output  │
 │  - Date: 9/8/2026, 4:35:37 AM       │
 │  - Nitro Version: 3.0.260610-beta   │
 │  - Nitro Preset: vercel             │
 │                                     │
 ╰─────────────────────────────────────╯

  ➜  Local:   http://127.0.0.1:8081/
AbortError: This operation was aborted
    at new DOMException (node:internal/per_context/domexception:76:18)
    ... 8 lines matching cause stack trace ...
    at TCP.<anonymous> (node:net:347:12) {
  cause: DOMException [AbortError]: This operation was aborted
      at new DOMException (node:internal/per_context/domexception:76:18)
      at AbortController.abort (node:internal/abort_controller:504:18)
      at abort (file:///workspace/node_modules/srvx/dist/adapters/node.mjs:316:51)
      at ServerResponse.<anonymous> (file:///workspace/node_modules/srvx/dist/adapters/node.mjs:320:35)
      at Object.onceWrapper (node:events:633:28)
      at ServerResponse.emit (node:events:519:28)
      at emitCloseNT (node:_http_server:1066:10)
      at Socket.onServerResponseClose (node:_http_server:285:5)
      at Socket.emit (node:events:531:35)
      at TCP.<anonymous> (node:net:347:12),
  status: 500,
  statusText: undefined,
  headers: undefined,
  data: undefined,
  body: undefined,
  unhandled: true
}

> preview
> node scripts/with-app-env.mjs vite preview


 ╭────────── [Build Info] ─────────────╮
 │                                     │
 │  - Build Directory: .vercel/output  │
 │  - Date: 9/8/2026, 4:48:45 AM       │
 │  - Nitro Version: 3.0.260610-beta   │
 │  - Nitro Preset: vercel             │
 │                                     │
 ╰─────────────────────────────────────╯

  ➜  Local:   http://127.0.0.1:8081/
AbortError: This operation was aborted
    at new DOMException (node:internal/per_context/domexception:76:18)
    ... 8 lines matching cause stack trace ...
    at TCP.<anonymous> (node:net:347:12) {
  cause: DOMException [AbortError]: This operation was aborted
      at new DOMException (node:internal/per_context/domexception:76:18)
      at AbortController.abort (node:internal/abort_controller:504:18)
      at abort (file:///workspace/node_modules/srvx/dist/adapters/node.mjs:316:51)
      at ServerResponse.<anonymous> (file:///workspace/node_modules/srvx/dist/adapters/node.mjs:320:35)
      at Object.onceWrapper (node:events:633:28)
      at ServerResponse.emit (node:events:519:28)
      at emitCloseNT (node:_http_server:1066:10)
      at Socket.onServerResponseClose (node:_http_server:285:5)
      at Socket.emit (node:events:531:35)
      at TCP.<anonymous> (node:net:347:12),
  status: 500,
  statusText: undefined,
  headers: undefined,
  data: undefined,
  body: undefined,
  unhandled: true
}

> preview
> node scripts/with-app-env.mjs vite preview


 ╭────────── [Build Info] ─────────────╮
 │                                     │
 │  - Build Directory: .vercel/output  │
 │  - Date: 9/8/2026, 4:57:14 AM       │
 │  - Nitro Version: 3.0.260610-beta   │
 │  - Nitro Preset: vercel             │
 │                                     │
 ╰─────────────────────────────────────╯

  ➜  Local:   http://127.0.0.1:8081/

> preview
> node scripts/with-app-env.mjs vite preview


 ╭────────── [Build Info] ─────────────╮
 │                                     │
 │  - Build Directory: .vercel/output  │
 │  - Date: 9/8/2026, 7:06:33 AM       │
 │  - Nitro Version: 3.0.260610-beta   │
 │  - Nitro Preset: vercel             │
 │                                     │
 ╰─────────────────────────────────────╯

  ➜  Local:   http://127.0.0.1:8081/

> preview
> node scripts/with-app-env.mjs vite preview


 ╭────────── [Build Info] ─────────────╮
 │                                     │
 │  - Build Directory: .vercel/output  │
 │  - Date: 9/8/2026, 7:15:30 AM       │
 │  - Nitro Version: 3.0.260610-beta   │
 │  - Nitro Preset: vercel             │
 │                                     │
 ╰─────────────────────────────────────╯

  ➜  Local:   http://127.0.0.1:8081/

> preview
> node scripts/with-app-env.mjs vite preview


 ╭────────── [Build Info] ─────────────╮
 │                                     │
 │  - Build Directory: .vercel/output  │
 │  - Date: 9/8/2026, 7:23:52 AM       │
 │  - Nitro Version: 3.0.260610-beta   │
 │  - Nitro Preset: vercel             │
 │                                     │
 ╰─────────────────────────────────────╯

  ➜  Local:   http://127.0.0.1:8081/

> preview
> node scripts/with-app-env.mjs vite preview


 ╭────────── [Build Info] ─────────────╮
 │                                     │
 │  - Build Directory: .vercel/output  │
 │  - Date: 9/8/2026, 7:43:39 AM       │
 │  - Nitro Version: 3.0.260610-beta   │
 │  - Nitro Preset: vercel             │
 │                                     │
 ╰─────────────────────────────────────╯

  ➜  Local:   http://127.0.0.1:8081/

> preview
> node scripts/with-app-env.mjs vite preview


 ╭────────── [Build Info] ─────────────╮
 │                                     │
 │  - Build Directory: .vercel/output  │
 │  - Date: 9/8/2026, 7:54:58 AM       │
 │  - Nitro Version: 3.0.260610-beta   │
 │  - Nitro Preset: vercel             │
 │                                     │
 ╰─────────────────────────────────────╯

  ➜  Local:   http://127.0.0.1:8081/

> preview
> node scripts/with-app-env.mjs vite preview


 ╭────────── [Build Info] ─────────────╮
 │                                     │
 │  - Build Directory: .vercel/output  │
 │  - Date: 9/8/2026, 8:05:30 AM       │
 │  - Nitro Version: 3.0.260610-beta   │
 │  - Nitro Preset: vercel             │
 │                                     │
 ╰─────────────────────────────────────╯

  ➜  Local:   http://127.0.0.1:8081/

> preview
> node scripts/with-app-env.mjs vite preview


 ╭────────── [Build Info] ─────────────╮
 │                                     │
 │  - Build Directory: .vercel/output  │
 │  - Date: 9/8/2026, 8:09:47 AM       │
 │  - Nitro Version: 3.0.260610-beta   │
 │  - Nitro Preset: vercel             │
 │                                     │
 ╰─────────────────────────────────────╯

  ➜  Local:   http://127.0.0.1:8081/

> preview
> node scripts/with-app-env.mjs vite preview


 ╭────────── [Build Info] ─────────────╮
 │                                     │
 │  - Build Directory: .vercel/output  │
 │  - Date: 9/8/2026, 8:24:58 AM       │
 │  - Nitro Version: 3.0.260610-beta   │
 │  - Nitro Preset: vercel             │
 │                                     │
 ╰─────────────────────────────────────╯

  ➜  Local:   http://127.0.0.1:8081/

> preview
> node scripts/with-app-env.mjs vite preview


 ╭────────── [Build Info] ─────────────╮
 │                                     │
 │  - Build Directory: .vercel/output  │
 │  - Date: 9/8/2026, 8:35:14 AM       │
 │  - Nitro Version: 3.0.260610-beta   │
 │  - Nitro Preset: vercel             │
 │                                     │
 ╰─────────────────────────────────────╯

  ➜  Local:   http://127.0.0.1:8081/

> preview
> node scripts/with-app-env.mjs vite preview


 ╭────────── [Build Info] ─────────────╮
 │                                     │
 │  - Build Directory: .vercel/output  │
 │  - Date: 9/8/2026, 8:47:09 AM       │
 │  - Nitro Version: 3.0.260610-beta   │
 │  - Nitro Preset: vercel             │
 │                                     │
 ╰─────────────────────────────────────╯

  ➜  Local:   http://127.0.0.1:8081/
